// Jest Snapshot v1, https://goo.gl/fbAQLP

exports[`default behaviour renders an empty Ant form 1`] = `
<Form(WrappedComponent)
  resourceForm={
    Object {
      "properties": Object {},
      "submit": [Function],
    }
  }
/>
`;
